---
source: tinyverse_tui/src/runtime/render.rs
assertion_line: 789
expression: snapshot
---
tinyverse tui  |  1 session(s)
┌ tinyverse_alpha ──────────────────────┐                                         ┌ Inspector ─────────────────────────┐
│key: tinyverse_alpha                   │                                         │ 1:Insp   2:Cons   3:Agent   4:Chat │
│agent: opencode                        │                                         │name: tinyverse_alpha               │
│status: active                         │                                         │key: tinyverse_alpha                │
│tmux: tinyverse_alpha                  │                                         │agent: opencode                     │
└───────────────────────────────────────┘                                         │status: active                      │
                                                                                  │tmux: tinyverse_alpha               │
                                                                                  │console: %1                         │
                                                                                  │agent pane: %2                      │
                                                                                  │description: Snapshot test session  │
                                                                                  │                                    │
                                      ╭ Actions ─────────────────────────────────╮│Use 1-4 or left/right to switch     │
                                      │▸ s  Spawn new session                    ││tabs.                               │
                                      │r  Refresh sessions                       ││                                    │
                                      │i  Toggle inspector                       ││                                    │
                                      │a  Attach selected session                ││                                    │
                                      │c  Send command to console pane           ││                                    │
                                      │x  Kill selected session                  ││                                    │
                                      │k  Kill all sessions                      ││                                    │
                                      │q  Close menu                             ││                                    │
                                      │                                          ││                                    │
                                      │                                          ││                                    │
                                      ╰──────────────────────────────────────────╯│                                    │
                                                                                  │                                    │
                                                                                  │                                    │
                                                                                  │                                    │
                                                                                  │                                    │
                                                                                  │                                    │
                                                                                  │                                    │
                                                                                  │                                    │
                                                                                  │                                    │
                                                                                  │                                    │
                                                                                  │                                    │
                                                                                  └────────────────────────────────────┘
 enter  submit |  esc  cancel | Starting tinyverse TUI | never refreshed
