---
source: tinyverse_tui/src/runtime/render.rs
assertion_line: 863
expression: snapshot
---
tinyverse tui  |  0 session(s)
╭ Sessions ──────────────────────────────────────────────╮╭ Console ───────────────────────────────╮
│                                                        ││No session selected                     │
│                                                        ││                                        │
│                                                        ││                                        │
│                                                        ││                                        │
│                                                        ││                                        │
│                                                        ││                                        │
│  ┌ TinyVerse ───────────────────────────────────────┐  ││                                        │
│  │No sessions found.                                │  ││                                        │
│  │Run `tinyverse spawn <name>` to create one.       │  ││                                        │
│  │                                                  │  ││                                        │
│  └──────────────────────────────────────────────────┘  ││                                        │
│                                                        ││                                        │
│                                                        ││                                        │
│                                                        ││                                        │
│                                                        ││                                        │
│                                                        ││                                        │
│                                                        ││                                        │
│                                                        ││                                        │
╰────────────────────────────────────────────────────────╯╰────────────────────────────────────────╯
╭ Inspector ───────────────────────────────────────────────────────────────────────────────────────╮
│No session selected                                                                               │
│                                                                                                  │
│                                                                                                  │
│                                                                                                  │
│                                                                                                  │
│                                                                                                  │
╰──────────────────────────────────────────────────────────────────────────────────────────────────╯
 q  quit |  arrows/hjkl  navigate |  1-3/lr  tabs |  r  refresh |  i  inspector |  enter  actions |
