---
source: tinyverse_tui/src/runtime/render.rs
assertion_line: 711
expression: snapshot
---
tinyverse tui  |  1 session(s)
┌ tinyverse_alpha ──────────────────────┐                                         ┌ Inspector ─────────────────────────┐
│key: tinyverse_alpha                   │                                         │name: tinyverse_alpha               │
│agent: opencode                        │                                         │key: tinyverse_alpha                │
│status: active                         │                                         │agent: opencode                     │
│tmux: tinyverse_alpha                  │                                         │status: active                      │
└───────────────────────────────────────┘                                         │tmux: tinyverse_alpha               │
                                                                                  │console: %1                         │
                                                                                  │agent pane: %2                      │
                                                                                  │description: Snapshot test session  │
                                                                                  │                                    │
                                                                                  │┌ Console Preview ─────────────────┐│
                                      ╭ Actions ─────────────────────────────────╮││Loading console preview...        ││
                                      │▸ s  Spawn new session                    │││                                  ││
                                      │r  Refresh sessions                       │││                                  ││
                                      │i  Toggle inspector                       │││                                  ││
                                      │a  Attach selected session                │││                                  ││
                                      │c  Send command to console pane           │││                                  ││
                                      │x  Kill selected session                  │││                                  ││
                                      │k  Kill all sessions                      │││                                  ││
                                      │q  Close menu                             │││                                  ││
                                      │                                          │││                                  ││
                                      │                                          ││└──────────────────────────────────┘│
                                      ╰──────────────────────────────────────────╯│┌ Agent Preview ───────────────────┐│
                                                                                  ││Loading agent preview...          ││
                                                                                  ││                                  ││
                                                                                  ││                                  ││
                                                                                  ││                                  ││
                                                                                  ││                                  ││
                                                                                  ││                                  ││
                                                                                  ││                                  ││
                                                                                  ││                                  ││
                                                                                  ││                                  ││
                                                                                  │└──────────────────────────────────┘│
                                                                                  └────────────────────────────────────┘
 enter  submit |  esc  cancel | Starting tinyverse TUI | never refreshed
