---
source: tinyverse_tui/src/runtime/render.rs
assertion_line: 1463
expression: snapshot
---
tinyverse tui  |  1 session(s)
╭ Sessions ──────────────────────────────────────────────────────────╮╭ Console ───────────────────────────────────────╮
│                                                                    ││ 1  Cons   2  Agent   3  Chat                   │
│  ┌ tinyverse_alpha ────────────── X ┐                              ││Loading console preview...                      │
│  │ key: tinyverse_alpha             │                              ││                                                │
│  │ active   opencode                │                              ││                                                │
│  │ tmux: tinyverse_alpha            │                              ││                                                │
│  │                                  │                              ││                                                │
│  │                                  │                              ││                                                │
│  │                                  │                              ││                                                │
│  └──────────────────────────────────┘                              ││                                                │
│                                                                    ││                                                │
│                                                                    ││                                                │
│                                                                    ││                                                │
│                              ╭ Confirm Kill ──────────────────────────────────────────╮                              │
│                              │Kill session `tinyverse_alpha`?                         │                              │
│                              │This will terminate tmux session and remove DB record.  │                              │
│                              │                                                        │                              │
│                              │[y/enter] confirm  [n/esc] cancel                       │                              │
│                              │                                                        │                              │
│                              ╰────────────────────────────────────────────────────────╯                              │
│                                                                    ││                                                │
│                                                                    ││                                                │
│                                                                    ││                                                │
│                                                                    ││                                                │
│                                                                    ││                                                │
╰────────────────────────────────────────────────────────────────────╯╰────────────────────────────────────────────────╯
╭ Inspector ───────────────────────────────────────────────────────────────────────────────────────────────────────────╮
│Name         tinyverse_alpha                               Tmux           tinyverse_alpha                             │
│Key          tinyverse_alpha                               Console Pane   %1                                          │
│Agent        opencode                                      Agent Pane     %2                                          │
│Status       active                                        Description    Snapshot test session                       │
│                                                                                                                      │
│                                                                                                                      │
╰──────────────────────────────────────────────────────────────────────────────────────────────────────────────────────╯
 y/enter  confirm |  n/esc  cancel | Placholder Typing.... | never refreshed
