---
source: tinyverse_tui/src/runtime/render.rs
assertion_line: 720
expression: snapshot
---
tinyverse tui  |  1 session(s)
┌ tinyverse_alpha ──────────────────────┐                                         ┌ Inspector ─────────────────────────┐
│key: tinyverse_alpha                   │                                         │name: tinyverse_alpha               │
│agent: opencode                        │                                         │key: tinyverse_alpha                │
│status: active                         │                                         │agent: opencode                     │
│tmux: tinyverse_alpha                  │                                         │status: active                      │
└───────────────────────────────────────┘                                         │tmux: tinyverse_alpha               │
                                                                                  │console: %1                         │
                                                                                  │agent pane: %2                      │
                                                                                  │description: Snapshot test session  │
                                                                                  │                                    │
                                                                                  │┌ Console Preview ─────────────────┐│
                                                                                  ││Loading console preview...        ││
                                                                                  ││                                  ││
                               ┌ Confirm Kill ──────────────────────────────────────────┐                             ││
                               │Kill session `tinyverse_alpha`?                         │                             ││
                               │This will terminate tmux session and remove DB record.  │                             ││
                               │                                                        │                             ││
                               │[y/enter] confirm  [n/esc] cancel                       │                             ││
                               │                                                        │                             ││
                               └────────────────────────────────────────────────────────┘                             ││
                                                                                  ││                                  ││
                                                                                  │└──────────────────────────────────┘│
                                                                                  │┌ Agent Preview ───────────────────┐│
                                                                                  ││Loading agent preview...          ││
                                                                                  ││                                  ││
                                                                                  ││                                  ││
                                                                                  ││                                  ││
                                                                                  ││                                  ││
                                                                                  ││                                  ││
                                                                                  ││                                  ││
                                                                                  ││                                  ││
                                                                                  ││                                  ││
                                                                                  │└──────────────────────────────────┘│
                                                                                  └────────────────────────────────────┘
 y/enter  confirm |  n/esc  cancel | Starting tinyverse TUI | never refreshed
