---
source: tinyverse_tui/src/runtime/render.rs
assertion_line: 1195
expression: snapshot
---
tinyverse tui  |  1 session(s)
╭ Sessions ──────────────────────────────────────────────────────────╮╭ Console ───────────────────────────────────────╮
│                                                                    ││ 1  Cons   2  Agent   3  Chat                   │
│  ┌ tinyverse_alpha ────────────────────────────────────────── X ┐  ││Loading console preview...                      │
│  │  active   opencode                                           │  ││                                                │
│  │  openai/gpt-5.3-codex   0 msgs                               │  ││                                                │
│  │                                                              │  ││                                                │
│  │                                                              │  ││                                                │
│  │                                                              │  ││                                                │
│  │                                                              │  ││                                                │
│  │                                                              │  ││                                                │
│  │                                                              │  ││                                                │
│  └ Jan 01 00:00 · unknown ──────────────────────────────────────┘  ││                                                │
│                                                                    ││                                                │
│                              ╭ Confirm Kill ──────────────────────────────────────────╮                              │
│                              │Kill session `tinyverse_alpha`?                         │                              │
│                              │This will terminate tmux session and remove DB record.  │                              │
│                              │                                                        │                              │
│                              │[y/enter] confirm  [n/esc] cancel                       │                              │
│                              │                                                        │                              │
│                              ╰────────────────────────────────────────────────────────╯                              │
│                                                                    ││                                                │
│                                                                    ││                                                │
│                                                                    ││                                                │
│                                                                    ││                                                │
│                                                                    ││                                                │
╰────────────────────────────────────────────────────────────────────╯╰────────────────────────────────────────────────╯
╭ Inspector ───────────────────────────────────────────────────────────────────────────────────────────────────────────╮
│ active   opencode   0 msg   openai/gpt-5.3-codex                                                                     │
│Name         tinyverse_alpha                               Key            tinyverse_alpha                             │
│Created      Jan 01 00:00                                  Tmux           tinyverse_alpha                             │
│Last Update  unknown                                       Panes          console=%1 agent=%2                         │
│Assistant    No assistant messages yet                     Git            -                                           │
│                                                           Chat Bridge    tmux-fallback (waiting for sync)            │
╰──────────────────────────────────────────────────────────────────────────────────────────────────────────────────────╯
 y/enter  confirm |  n/esc  cancel | never refreshed
